[1007/021545.982678:WARNING:chrome/app/chrome_main_linux.cc:84] Read channel stable from /app/extra/CHROME_VERSION_EXTRA
[1007/021546.201968:WARNING:chrome/app/chrome_main_linux.cc:84] Read channel stable from /app/extra/CHROME_VERSION_EXTRA
[2:2:1007/021546.213880:WARNING:ui/ozone/platform/wayland/common/wayland_object.cc:119] Binding to wl_shm version 1 but version 2 is available.
[2:2:1007/021546.214008:WARNING:ui/ozone/platform/wayland/common/wayland_object.cc:119] Binding to zwp_pointer_gestures_v1 version 1 but version 3 is available.
[2:2:1007/021546.214062:WARNING:ui/ozone/platform/wayland/common/wayland_object.cc:119] Binding to zwp_linux_dmabuf_v1 version 4 but version 5 is available.
[2:2:1007/021546.214131:WARNING:ui/ozone/platform/wayland/common/wayland_object.cc:119] Binding to wp_color_manager_v1 version 1 but version 2 is available.
[2:2:1007/021546.214150:WARNING:ui/ozone/platform/wayland/common/wayland_object.cc:119] Binding to wp_cursor_shape_manager_v1 version 1 but version 2 is available.
[2:2:1007/021546.305307:INFO:components/enterprise/browser/controller/chrome_browser_cloud_management_controller.cc:241] No machine level policy manager exists.
[88:4:1007/021546.363601:WARNING:third_party/crashpad/crashpad/client/crashpad_client_linux.cc:376] prctl: Invalid argument (22)
[67:67:1007/021546.383880:ERROR:ui/ozone/platform/wayland/gpu/wayland_surface_factory.cc:249] '--ozone-platform=wayland' is not compatible with Vulkan. Consider switching to '--ozone-platform=x11' or disabling Vulkan
[2:2:1007/021546.405474:WARNING:ui/ozone/platform/wayland/host/wayland_surface.cc:170] Server doesn't support zcr_alpha_compositing_v1.
[2:2:1007/021546.405515:WARNING:ui/ozone/platform/wayland/host/wayland_surface.cc:185] Server doesn't support overlay_prioritizer.
[2:2:1007/021546.405522:WARNING:ui/ozone/platform/wayland/host/wayland_surface.cc:200] Server doesn't support wp_content_type_v1
[67:67:1007/021546.409028:WARNING:sandbox/policy/linux/sandbox_linux.cc:405] InitializeSandbox() called with multiple threads in process gpu-process.
[126:12:1007/021546.423668:WARNING:third_party/crashpad/crashpad/client/crashpad_client_linux.cc:376] prctl: Invalid argument (22)
[2:2:1007/021546.514797:WARNING:ui/ozone/platform/wayland/host/org_gnome_mutter_idle_monitor.cc:87] org.gnome.Mutter.IdleMonitor D-Bus service does not exist
[2:2:1007/021546.655560:WARNING:ui/base/idle/idle_linux.cc:111] None of the known D-Bus ScreenSaver services could be used.
Warning: maxDynamicUniformBuffersPerPipelineLayout artificially reduced from 507904 to 16 to fit dynamic offset allocation limit.
Warning: maxDynamicStorageBuffersPerPipelineLayout artificially reduced from 507904 to 16 to fit dynamic offset allocation limit.
[2:48:1007/021552.127971:ERROR:google_apis/gcm/engine/registration_request.cc:291] Registration response error message: PHONE_REGISTRATION_ERROR
[2:48:1007/021552.135902:ERROR:google_apis/gcm/engine/registration_request.cc:291] Registration response error message: PHONE_REGISTRATION_ERROR
[2:48:1007/021552.139096:ERROR:google_apis/gcm/engine/registration_request.cc:291] Registration response error message: PHONE_REGISTRATION_ERROR
Created TensorFlow Lite XNNPACK delegate for CPU.
Created TensorFlow Lite XNNPACK delegate for CPU.
[2:43:1007/021616.381894:INFO:chrome/browser/extensions/extension_garbage_collector.cc:212] Garbage collection for extensions on file thread is complete.
[2:48:1007/021619.515095:ERROR:google_apis/gcm/engine/registration_request.cc:291] Registration response error message: DEPRECATED_ENDPOINT
[2:48:1007/021704.794532:ERROR:google_apis/gcm/engine/connection_factory_impl.cc:484] ConnectionHandler failed with net error: -2
