   Compiling unicode-ident v1.0.24
   Compiling proc-macro2 v1.0.107
   Compiling quote v1.0.47
   Compiling cfg-if v1.0.4
   Compiling serde_core v1.0.229
   Compiling once_cell v1.21.4
   Compiling serde v1.0.229
   Compiling wasm-bindgen-shared v0.2.129
   Compiling rustversion v1.0.23
   Compiling syn v3.0.6
   Compiling syn v2.0.119
   Compiling bumpalo v3.20.3
   Compiling wasm-bindgen v0.2.129
   Compiling smallvec v1.15.2
   Compiling autocfg v1.5.1
   Compiling libm v0.2.16
   Compiling arrayvec v0.7.8
   Compiling num-traits v0.2.19
   Compiling getrandom v0.4.3
   Compiling wasm-bindgen-macro-support v0.2.129
   Compiling rand_core v0.10.1
   Compiling pin-project-lite v0.2.17
   Compiling typenum v1.20.1
   Compiling synstructure v0.13.2
   Compiling serde_derive v1.0.229
   Compiling bytemuck_derive v1.12.0
   Compiling log v0.4.34
   Compiling stable_deref_trait v1.2.1
   Compiling foldhash v0.2.0
   Compiling shlex v2.0.1
   Compiling itoa v1.0.18
   Compiling bytemuck v1.25.2
   Compiling find-msvc-tools v0.1.14
   Compiling hashbrown v0.17.1
   Compiling cc v1.6.0
   Compiling thiserror-impl v2.0.20
   Compiling wasm-bindgen-macro v0.2.129
   Compiling zerofrom-derive v0.1.7
   Compiling euclid v0.22.14
   Compiling yoke-derive v0.8.2
   Compiling parking_lot_core v0.9.12
   Compiling zerofrom v0.1.8
   Compiling siphasher v1.0.3
   Compiling phf_shared v0.13.1
   Compiling yoke v0.8.3
   Compiling zmij v1.0.23
   Compiling fastrand v2.5.0
   Compiling scopeguard v1.2.0
   Compiling phf_generator v0.13.1
   Compiling lock_api v0.4.14
   Compiling zerovec-derive v0.11.6
   Compiling serde_json v1.0.151
   Compiling slab v0.4.12
   Compiling thiserror v2.0.20
   Compiling parking_lot v0.12.5
   Compiling displaydoc v0.2.7
   Compiling bitflags v2.13.1
   Compiling memchr v2.8.3
   Compiling zerovec v0.11.8
   Compiling uuid-rng-internal v1.27.0
   Compiling sha1_smol v1.0.1
   Compiling writeable v0.6.4
   Compiling futures-core v0.3.34
   Compiling uuid v1.27.0
   Compiling futures-macro v0.3.34
   Compiling equivalent v1.0.2
   Compiling futures-task v0.3.34
   Compiling cfg_aliases v0.2.2
   Compiling indexmap v2.14.0
   Compiling futures-util v0.3.34
   Compiling tinystr v0.8.4
   Compiling tracing-core v0.1.36
   Compiling zerocopy v0.8.56
   Compiling litemap v0.8.3
   Compiling icu_locale_core v2.3.0
   Compiling potential_utf v0.1.6
   Compiling zerotrie v0.2.5
   Compiling phf_macros v0.13.1
   Compiling js-sys v0.3.106
   Compiling tracing-attributes v0.1.31
   Compiling hybrid-array v0.4.14
   Compiling linebender_resource_handle v0.1.1
   Compiling version_check v0.9.5
   Compiling phf v0.13.1
   Compiling tracing v0.1.44
   Compiling icu_provider v2.3.1
   Compiling zerocopy-derive v0.8.56
   Compiling utf8_iter v1.0.4
   Compiling icu_collections v2.3.0
   Compiling string_cache_codegen v0.6.1
   Compiling phf_codegen v0.13.1
   Compiling new_debug_unreachable v1.0.6
   Compiling icu_properties_data v2.3.0
   Compiling web_atoms v0.2.6
   Compiling crypto-common v0.2.2
   Compiling font-types v0.12.4
   Compiling polycool v0.4.0
   Compiling crc32fast v1.5.1
   Compiling simd-adler32 v0.3.10
   Compiling precomputed-hash v0.1.1
   Compiling icu_normalizer_data v2.3.0
   Compiling static_assertions v1.1.0
   Compiling string_cache v0.9.0
   Compiling read-fonts v0.41.0
   Compiling kurbo v0.13.1
   Compiling svg_fmt v0.4.5
   Compiling color v0.3.3
   Compiling adler2 v2.0.1
   Compiling peniko v0.6.1
   Compiling miniz_oxide v0.8.9
   Compiling guillotiere v0.7.0
   Compiling icu_properties v2.3.0
   Compiling tendril v0.5.1
   Compiling blake3 v1.8.7
   Compiling markup5ever v0.39.0
   Compiling icu_normalizer v2.3.0
   Compiling flate2 v1.1.9
   Compiling skrifa v0.44.0
   Compiling web-time v1.1.0
   Compiling fdeflate v0.3.7
   Compiling block-buffer v0.12.1
   Compiling constant_time_eq v0.4.2
   Compiling object v0.39.1
   Compiling web-sys v0.3.106
   Compiling naga v29.0.4
   Compiling enumn v0.1.14
   Compiling profiling-procmacros v1.0.18
   Compiling semver v1.0.28
   Compiling raw-window-handle v0.6.2
   Compiling bit-vec v0.9.1
   Compiling unicode-width v0.2.2
   Compiling half v2.7.1
   Compiling hashbrown v0.16.1
   Compiling codespan-reporting v0.13.1
   Compiling bit-set v0.9.1
   Compiling rustc_version v0.4.1
   Compiling profiling v1.0.18
   Compiling accesskit v0.24.1
   Compiling png v0.18.1
   Compiling wasm-bindgen-futures v0.4.79
   Compiling sceno v0.0.4 (C:\Users\mark_\Code\worktrees\mere-viewer-cone\crates\cambium\scenes\sceno)
   Compiling rustc-hash v1.1.0
   Compiling hexf-parse v0.2.1
   Compiling byteorder v1.5.0
   Compiling naga-types v30.0.1
   Compiling ar_archive_writer v0.5.3
   Compiling layout-dom-api v0.1.1 (https://github.com/merely-made/genet.git?rev=d851a9db0cd1ff7837768250f21e9dff63455940#d851a9db)
   Compiling wgpu v30.0.1
   Compiling font-types v0.11.3
   Compiling icu_locale_fallback_data v2.3.0
   Compiling const-oid v0.10.2
   Compiling litrs v1.0.0
   Compiling winnow v1.0.4
   Compiling document-features v0.2.12
   Compiling toml_parser v1.1.3+spec-1.1.0
   Compiling digest v0.11.3
   Compiling read-fonts v0.39.2
   Compiling psm v0.1.32
   Compiling serde_spanned v1.1.1
   Compiling wgpu-types v30.0.0
   Compiling toml_datetime v1.1.1+spec-1.1.0
   Compiling paint_list_api v0.1.2 (https://github.com/merely-made/netrender.git?rev=9607d16f1907f6c2085648ae96abcaa30d7c3d41#9607d16f)
   Compiling app_units v0.7.8
   Compiling ptr_meta_derive v0.3.2
   Compiling libc v0.2.189
   Compiling icu_segmenter_data v2.3.0
   Compiling foldhash v0.1.5
   Compiling toml_writer v1.1.2+spec-1.1.0
   Compiling dtoa v1.0.11
   Compiling toml v1.1.4+spec-1.1.0
   Compiling dtoa-short v0.3.5
   Compiling vello_shaders v0.10.0
   Compiling hashbrown v0.15.5
   Compiling ptr_meta v0.3.2
   Compiling genet-paint-types v0.2.0 (https://github.com/merely-made/genet.git?rev=d851a9db0cd1ff7837768250f21e9dff63455940#d851a9db)
   Compiling vello_encoding v0.10.0
   Compiling xml5ever v0.39.0
   Compiling html5ever v0.39.0
   Compiling slotmap v1.1.1
   Compiling stacker v0.1.25
   Compiling cssparser-macros v0.7.0
   Compiling fixedbitset v0.5.7
   Compiling cssparser v0.37.0
   Compiling petgraph v0.8.3
   Compiling genet-static-dom v0.1.1 (https://github.com/merely-made/genet.git?rev=d851a9db0cd1ff7837768250f21e9dff63455940#d851a9db)
   Compiling livery v0.0.5 (https://github.com/merely-made/genet.git?rev=d851a9db0cd1ff7837768250f21e9dff63455940#d851a9db)
   Compiling icu_locale_fallback v2.3.0
   Compiling engine-observables-api v0.2.0 (https://github.com/merely-made/genet.git?rev=d851a9db0cd1ff7837768250f21e9dff63455940#d851a9db)
   Compiling rancor v0.1.3
   Compiling sha2 v0.11.0
   Compiling generic-array v0.14.7
   Compiling futures-intrusive v0.5.0
   Compiling zeroize_derive v1.5.0
   Compiling bytecheck_derive v0.8.3
   Compiling subtle v2.6.1
   Compiling memmap2 v0.9.11
   Compiling simdutf8 v0.1.5
   Compiling parlance v0.1.0
   Compiling heck v0.5.0
   Compiling bytecheck v0.8.3
   Compiling genet-fontique v0.10.0 (https://github.com/merely-made/genet.git?rev=d851a9db0cd1ff7837768250f21e9dff63455940#d851a9db)
   Compiling strum_macros v0.28.0
   Compiling zeroize v1.9.0
   Compiling netrender-vello v0.10.1
   Compiling genet-scripted-dom v0.1.2 (https://github.com/merely-made/genet.git?rev=d851a9db0cd1ff7837768250f21e9dff63455940#d851a9db)
   Compiling icu_segmenter v2.3.0
   Compiling netrender_device v0.1.2 (https://github.com/merely-made/netrender.git?rev=9607d16f1907f6c2085648ae96abcaa30d7c3d41#9607d16f)
   Compiling cadency v0.0.1 (https://github.com/merely-made/genet.git?rev=d851a9db0cd1ff7837768250f21e9dff63455940#d851a9db)
   Compiling harfrust v0.8.4
   Compiling skrifa v0.42.1
   Compiling parley_data v0.10.0
   Compiling munge_macro v0.4.7
   Compiling async-trait v0.1.92
   Compiling approx v0.5.1
   Compiling genet-taffy v0.14.0 (https://github.com/merely-made/genet.git?rev=d851a9db0cd1ff7837768250f21e9dff63455940#d851a9db)
   Compiling matrixmultiply v0.3.11
   Compiling unicase v2.9.0
   Compiling crossbeam-utils v0.8.22
   Compiling genet-host-api v0.2.0 (https://github.com/merely-made/genet.git?rev=d851a9db0cd1ff7837768250f21e9dff63455940#d851a9db)
   Compiling genet-document-resources v0.2.1 (https://github.com/merely-made/genet.git?rev=d851a9db0cd1ff7837768250f21e9dff63455940#d851a9db)
   Compiling genet-parley v0.10.0 (https://github.com/merely-made/genet.git?rev=d851a9db0cd1ff7837768250f21e9dff63455940#d851a9db)
   Compiling mime_guess v2.0.5
   Compiling buckram v0.0.3 (https://github.com/merely-made/genet.git?rev=d851a9db0cd1ff7837768250f21e9dff63455940#d851a9db)
   Compiling muniment v0.1.2 (C:\Users\mark_\Code\worktrees\mere-viewer-cone\crates\eidetic\muniment)
   Compiling munge v0.4.7
   Compiling netrender v0.1.2 (https://github.com/merely-made/netrender.git?rev=9607d16f1907f6c2085648ae96abcaa30d7c3d41#9607d16f)
   Compiling strum v0.28.0
   Compiling rend v0.5.4
   Compiling idna_adapter v1.2.2
   Compiling document-session-api v0.1.0 (https://github.com/merely-made/genet.git?rev=d851a9db0cd1ff7837768250f21e9dff63455940#d851a9db)
   Compiling wide v1.6.1
   Compiling rkyv_derive v0.8.18
   Compiling num-complex v0.4.6
   Compiling num-integer v0.1.47
   Compiling percent-encoding v2.3.2
   Compiling grid v1.0.1
   Compiling data-url v0.3.2
   Compiling fnv v1.0.7
   Compiling rawpointer v0.2.1
   Compiling genet-livery v0.0.4 (https://github.com/merely-made/genet.git?rev=d851a9db0cd1ff7837768250f21e9dff63455940#d851a9db)
   Compiling cfb v0.7.3
   Compiling rkyv v0.8.18
   Compiling taffy v0.11.0-experimental-cache-fix.3
   Compiling simba v0.10.2
   Compiling form_urlencoded v1.2.2
   Compiling num-rational v0.4.2
   Compiling idna v1.1.0
   Compiling numen v0.2.0 (C:\Users\mark_\Code\worktrees\mere-viewer-cone\crates\conatus\numen)
   Compiling glam v0.33.5
   Compiling heapless v0.7.17
   Compiling curve25519-dalek v5.0.0
   Compiling vello_encoding v0.10.0 (https://github.com/mark-ik/vello.git?tag=vello-0.10.0#4354955e)
   Compiling inout v0.2.2
   Compiling nalgebra-macros v0.3.0
   Compiling time-core v0.1.9
   Compiling cmov v0.5.4
   Compiling num-conv v0.2.2
   Compiling powerfmt v0.2.0
   Compiling mime v0.3.17
   Compiling deranged v0.5.8
   Compiling nalgebra v0.35.0
   Compiling ctutils v0.4.2
   Compiling vello v0.10.0 (https://github.com/mark-ik/vello.git?tag=vello-0.10.0#4354955e)
   Compiling time v0.3.55
   Compiling crossbeam-channel v0.5.16
   Compiling url v2.5.8
   Compiling chartulary v0.2.2 (C:\Users\mark_\Code\worktrees\mere-viewer-cone\crates\eidetic\chartulary)
   Compiling mere-forme v0.1.0 (C:\Users\mark_\Code\worktrees\mere-viewer-cone\crates\forme\forme)
   Compiling infer v0.19.0
   Compiling paint_list_render v0.1.2 (https://github.com/merely-made/netrender.git?rev=9607d16f1907f6c2085648ae96abcaa30d7c3d41#9607d16f)
   Compiling crypto-common v0.1.7
   Compiling block-buffer v0.10.4
   Compiling hash32 v0.2.1
   Compiling winit v0.30.13
   Compiling pin-project-internal v1.1.13
   Compiling anymore v1.0.0
   Compiling workbench v0.1.0 (C:\Users\mark_\Code\worktrees\mere-viewer-cone\crates\cambium\workbench)
   Compiling unicode-segmentation v1.13.3
   Compiling signature v3.0.0
   Compiling genet-text v0.1.0 (https://github.com/merely-made/genet.git?rev=d851a9db0cd1ff7837768250f21e9dff63455940#d851a9db)
   Compiling pin-project v1.1.13
   Compiling ed25519 v3.0.0
   Compiling mere-surface-api v0.1.0 (C:\Users\mark_\Code\worktrees\mere-viewer-cone\crates\system\surface-api)
   Compiling meristem v0.2.0 (C:\Users\mark_\Code\worktrees\mere-viewer-cone\crates\cambium\meristem)
   Compiling glamx v0.3.0
   Compiling digest v0.10.7
   Compiling mere-kernel v0.0.2 (C:\Users\mark_\Code\worktrees\mere-viewer-cone\crates\graph\graph-kernel)
   Compiling sprigging v0.2.1 (C:\Users\mark_\Code\worktrees\mere-viewer-cone\crates\cambium\sprigging)
   Compiling universal-hash v0.6.1
   Compiling cipher v0.5.2
   Compiling scenotime v0.0.4 (C:\Users\mark_\Code\worktrees\mere-viewer-cone\crates\cambium\scenes\scenotime)
   Compiling cobs v0.3.0
warning: unused imports: `astar`, `dijkstra`, `has_path_connecting`, and `kosaraju_scc`
  --> C:\Users\mark_\Code\worktrees\mere-viewer-cone\crates\graph\graph-kernel\src\graph\mod.rs:21:22
   |
21 | use petgraph::algo::{astar, dijkstra, has_path_connecting, kosaraju_scc};
   |                      ^^^^^  ^^^^^^^^  ^^^^^^^^^^^^^^^^^^^  ^^^^^^^^^^^^
   |
   = note: `#[warn(unused_imports)]` (part of `#[warn(unused)]`) on by default

warning: unused imports: `Archived`, `Place`, and `Resolver`
  --> C:\Users\mark_\Code\worktrees\mere-viewer-cone\crates\graph\graph-kernel\src\graph\mod.rs:25:21
   |
25 | use rkyv::{Archive, Archived, Deserialize, Place, Resolver, Serialize, rancor::Fallible};
   |                     ^^^^^^^^               ^^^^^  ^^^^^^^^

warning: unused import: `HashSet`
  --> C:\Users\mark_\Code\worktrees\mere-viewer-cone\crates\graph\graph-kernel\src\graph\mod.rs:26:43
   |
26 | use std::collections::{BTreeMap, HashMap, HashSet};
   |                                           ^^^^^^^

warning: unused imports: `GraphSnapshot`, `PersistedAddress`, `PersistedArrangementEdgeData`, `PersistedArrangementSubKind`, `PersistedContainmentEdgeData`, `PersistedContainmentSubKind`, `PersistedEdgeFamily`, `PersistedEdge`, `PersistedImportedEdgeData`, `PersistedImportedSubKind`, `PersistedNavigationTrigger`, `PersistedNodeSessionState`, `PersistedNode`, `PersistedProvenanceEdgeData`, `PersistedProvenanceSubKind`, `PersistedSemanticEdgeData`, `PersistedSemanticSubKind`, `PersistedTraversalEdgeData`, `PersistedTraversalMetrics`, and `PersistedTraversalRecord`
  --> C:\Users\mark_\Code\worktrees\mere-viewer-cone\crates\graph\graph-kernel\src\graph\mod.rs:35:5
   |
35 |     GraphSnapshot, PersistedAddress, PersistedArrangementEdgeData, PersistedArrangementSubKind,
   |     ^^^^^^^^^^^^^  ^^^^^^^^^^^^^^^^  ^^^^^^^^^^^^^^^^^^^^^^^^^^^^  ^^^^^^^^^^^^^^^^^^^^^^^^^^^
36 |     PersistedContainmentEdgeData, PersistedContainmentSubKind, PersistedEdge, PersistedEdgeFamily,
   |     ^^^^^^^^^^^^^^^^^^^^^^^^^^^^  ^^^^^^^^^^^^^^^^^^^^^^^^^^^  ^^^^^^^^^^^^^  ^^^^^^^^^^^^^^^^^^^
37 |     PersistedImportedEdgeData, PersistedImportedSubKind, PersistedNavigationTrigger, PersistedNode,
   |     ^^^^^^^^^^^^^^^^^^^^^^^^^  ^^^^^^^^^^^^^^^^^^^^^^^^  ^^^^^^^^^^^^^^^^^^^^^^^^^^  ^^^^^^^^^^^^^
38 |     PersistedNodeSessionState, PersistedProvenanceEdgeData, PersistedProvenanceSubKind,
   |     ^^^^^^^^^^^^^^^^^^^^^^^^^  ^^^^^^^^^^^^^^^^^^^^^^^^^^^  ^^^^^^^^^^^^^^^^^^^^^^^^^^
39 |     PersistedSemanticEdgeData, PersistedSemanticSubKind, PersistedTraversalEdgeData,
   |     ^^^^^^^^^^^^^^^^^^^^^^^^^  ^^^^^^^^^^^^^^^^^^^^^^^^  ^^^^^^^^^^^^^^^^^^^^^^^^^^
40 |     PersistedTraversalMetrics, PersistedTraversalRecord,
   |     ^^^^^^^^^^^^^^^^^^^^^^^^^  ^^^^^^^^^^^^^^^^^^^^^^^^

warning: unused import: `address_from_url`
  --> C:\Users\mark_\Code\worktrees\mere-viewer-cone\crates\graph\graph-kernel\src\graph\node.rs:26:31
   |
26 | use crate::address::{Address, address_from_url};
   |                               ^^^^^^^^^^^^^^^^

warning: unused import: `VecDeque`
  --> C:\Users\mark_\Code\worktrees\mere-viewer-cone\crates\graph\graph-kernel\src\graph\query.rs:17:42
   |
17 | use std::collections::{HashMap, HashSet, VecDeque};
   |                                          ^^^^^^^^

   Compiling ena v0.14.4
   Compiling num-derive v0.4.2
   Compiling ordered-float v5.5.0
   Compiling downcast-rs v2.0.2
   Compiling rand_core v0.6.4
   Compiling base64 v0.22.1
   Compiling base64ct v1.8.3
   Compiling thiserror v1.0.69
   Compiling regex-syntax v0.8.11
   Compiling smol_str v0.2.2
   Compiling either v1.18.0
   Compiling cursor-icon v1.2.0
   Compiling getrandom v0.3.4
   Compiling dpi v0.1.2
warning: unused import: `rancor::Fallible`
  --> C:\Users\mark_\Code\worktrees\mere-viewer-cone\crates\graph\graph-kernel\src\graph\mod.rs:25:72
   |
25 | use rkyv::{Archive, Archived, Deserialize, Place, Resolver, Serialize, rancor::Fallible};
   |                                                                        ^^^^^^^^^^^^^^^^

warning: unused import: `EdgeRef`
  --> C:\Users\mark_\Code\worktrees\mere-viewer-cone\crates\graph\graph-kernel\src\graph\mod.rs:24:23
   |
24 | use petgraph::visit::{EdgeRef, IntoEdgeReferences};
   |                       ^^^^^^^

   Compiling parry2d v0.28.0
warning: methods `navigate_node`, `branch_history`, `node_history_back`, and `node_history_forward` are never used
   --> C:\Users\mark_\Code\worktrees\mere-viewer-cone\crates\graph\graph-kernel\src\graph\mod.rs:550:19
    |
338 | impl Graph {
    | ---------- methods in this implementation
...
550 |     pub(crate) fn navigate_node(&mut self, key: NodeKey, url: &str) {
    |                   ^^^^^^^^^^^^^
...
564 |     pub(crate) fn branch_history(&mut self, child: NodeKey, parent: NodeKey) {
    |                   ^^^^^^^^^^^^^^
...
576 |     pub(crate) fn node_history_back(&mut self, key: NodeKey) -> Option<String> {
    |                   ^^^^^^^^^^^^^^^^^
...
586 |     pub(crate) fn node_history_forward(&mut self, key: NodeKey) -> Option<String> {
    |                   ^^^^^^^^^^^^^^^^^^^^
    |
    = note: `#[warn(dead_code)]` (part of `#[warn(unused)]`) on by default

warning: method `assert_semantic_predicate` is never used
   --> C:\Users\mark_\Code\worktrees\mere-viewer-cone\crates\graph\graph-kernel\src\graph\edge_payload.rs:258:19
    |
 45 | impl EdgePayload {
    | ---------------- method in this implementation
...
258 |     pub(crate) fn assert_semantic_predicate(&mut self, predicate: String) -> bool {
    |                   ^^^^^^^^^^^^^^^^^^^^^^^^^

warning: struct `LogIdAsString` is never constructed
   --> C:\Users\mark_\Code\worktrees\mere-viewer-cone\crates\graph\graph-kernel\src\graph\identity.rs:129:19
    |
129 | pub(crate) struct LogIdAsString;
    |                   ^^^^^^^^^^^^^

warning: methods `dissolve_remove_node_collect_traversals` and `get_edge_mut` are never used
   --> C:\Users\mark_\Code\worktrees\mere-viewer-cone\crates\graph\graph-kernel\src\graph\edge_ops.rs:236:19
    |
 32 | impl Graph {
    | ---------- methods in this implementation
...
236 |     pub(crate) fn dissolve_remove_node_collect_traversals(
    |                   ^^^^^^^^^^^^^^^^^^^^^^^^^^^^^^^^^^^^^^^
...
436 |     pub(crate) fn get_edge_mut(&mut self, key: EdgeKey) -> Option<&mut EdgePayload> {
    |                   ^^^^^^^^^^^^

warning: method `get_node_mut` is never used
   --> C:\Users\mark_\Code\worktrees\mere-viewer-cone\crates\graph\graph-kernel\src\graph\query.rs:108:19
    |
101 | impl Graph {
    | ---------- method in this implementation
...
108 |     pub(crate) fn get_node_mut(&mut self, key: NodeKey) -> Option<&mut Node> {
    |                   ^^^^^^^^^^^^

   Compiling regex-automata v0.4.18
   Compiling password-hash v0.5.0
   Compiling chirograph v0.0.2 (C:\Users\mark_\Code\worktrees\mere-viewer-cone\crates\chirograph)
   Compiling postcard v1.1.3
   Compiling chacha20 v0.10.2
   Compiling poly1305 v0.9.1
   Compiling ed25519-dalek v3.0.0
   Compiling cambium v0.3.3 (C:\Users\mark_\Code\worktrees\mere-viewer-cone\crates\cambium\cambium)
   Compiling blake2 v0.10.6
   Compiling aead v0.6.1
   Compiling scenograph v0.0.4 (C:\Users\mark_\Code\worktrees\mere-viewer-cone\crates\cambium\scenes\scenograph)
   Compiling tinct v0.1.2 (C:\Users\mark_\Code\worktrees\mere-viewer-cone\crates\cambium\tinct)
   Compiling thiserror-impl v1.0.69
   Compiling lazy_static v1.5.0
   Compiling sharded-slab v0.1.7
   Compiling scenomise v0.0.4 (C:\Users\mark_\Code\worktrees\mere-viewer-cone\crates\cambium\scenes\scenomise)
   Compiling chacha20poly1305 v0.11.0
   Compiling cambium-winit v0.3.0 (C:\Users\mark_\Code\worktrees\mere-viewer-cone\crates\cambium\cambium-winit)
warning: `mere-kernel` (lib) generated 13 warnings (run `cargo fix --lib -p mere-kernel` to apply 6 suggestions)
   Compiling argon2 v0.5.3
   Compiling insigne v0.0.1 (C:\Users\mark_\Code\worktrees\mere-viewer-cone\crates\dramatis\insigne)
   Compiling matchers v0.2.0
   Compiling rapier2d v0.33.0
   Compiling genet-render v0.2.0 (https://github.com/merely-made/genet.git?rev=d851a9db0cd1ff7837768250f21e9dff63455940#d851a9db)
   Compiling genet-render-host v0.2.0 (https://github.com/merely-made/genet.git?rev=d851a9db0cd1ff7837768250f21e9dff63455940#d851a9db)
   Compiling armillary v0.1.1 (C:\Users\mark_\Code\worktrees\mere-viewer-cone\crates\armillary)
   Compiling tracing-log v0.2.0
   Compiling thread_local v1.1.10
   Compiling nu-ansi-term v0.50.3
   Compiling option-ext v0.2.0
   Compiling ciborium-io v0.2.2
   Compiling dirs-sys v0.4.1
   Compiling ciborium-ll v0.2.2
   Compiling seiche v0.0.6 (C:\Users\mark_\Code\worktrees\mere-viewer-cone\crates\conatus\seiche)
   Compiling tracing-subscriber v0.3.23
   Compiling cambium-rootstock v0.1.0 (C:\Users\mark_\Code\worktrees\mere-viewer-cone\crates\cambium\cambium-rootstock)
   Compiling personae v0.2.1 (C:\Users\mark_\Code\worktrees\mere-viewer-cone\crates\dramatis\personae)
   Compiling mere-cartography v0.0.2 (C:\Users\mark_\Code\worktrees\mere-viewer-cone\crates\canvas\cartography)
   Compiling tabard v0.0.1 (C:\Users\mark_\Code\worktrees\mere-viewer-cone\ports\tabard)
   Compiling inker v0.1.1 (C:\Users\mark_\Code\worktrees\mere-viewer-cone\crates\inker\inker)
   Compiling esp v0.1.0 (C:\Users\mark_\Code\worktrees\mere-viewer-cone\crates\intel\esp)
   Compiling bitflags v1.3.2
   Compiling emblem v0.2.0
   Compiling pictograph v0.2.0 (C:\Users\mark_\Code\worktrees\mere-viewer-cone\crates\canvas\pictograph)
   Compiling png v0.17.16
warning: function `build_affinity_spring` is never used
  --> C:\Users\mark_\Code\worktrees\mere-viewer-cone\crates\canvas\pictograph\src\canvas.rs:66:4
   |
66 | fn build_affinity_spring(scores: &crate::signals::AffinityScores) -> AffinitySpring {
   |    ^^^^^^^^^^^^^^^^^^^^^
   |
   = note: `#[warn(dead_code)]` (part of `#[warn(unused)]`) on by default

   Compiling uxtree v0.0.2 (C:\Users\mark_\Code\worktrees\mere-viewer-cone\crates\forme\uxtree)
   Compiling notochord v0.1.0 (C:\Users\mark_\Code\worktrees\mere-viewer-cone\crates\system\notochord)
   Compiling ciborium v0.2.2
   Compiling dirs v5.0.1
   Compiling mere-alembic v0.0.1 (C:\Users\mark_\Code\worktrees\mere-viewer-cone\ports\distillery\alembic)
   Compiling taproot v0.1.0 (https://github.com/merely-made/genet.git?rev=d851a9db0cd1ff7837768250f21e9dff63455940#d851a9db)
   Compiling eidetic v0.0.2 (C:\Users\mark_\Code\worktrees\mere-viewer-cone\crates\eidetic\eidetic-core)
   Compiling incipit v0.2.0 (C:\Users\mark_\Code\worktrees\mere-viewer-cone\crates\incipit)
   Compiling mere-apparatus v0.0.1 (C:\Users\mark_\Code\worktrees\mere-viewer-cone\crates\domain\apparatus)
   Compiling hex v0.4.3
   Compiling pandect v0.1.1 (C:\Users\mark_\Code\worktrees\mere-viewer-cone\crates\system\pandect)
warning: unused import: `std::fmt`
  --> C:\Users\mark_\Code\worktrees\mere-viewer-cone\crates\system\pandect\src\wallet_grant\mod.rs:20:5
   |
20 | use std::fmt;
   |     ^^^^^^^^
   |
   = note: `#[warn(unused_imports)]` (part of `#[warn(unused)]`) on by default

warning: unused import: `std::path::Path`
  --> C:\Users\mark_\Code\worktrees\mere-viewer-cone\crates\system\pandect\src\wallet_grant\mod.rs:22:5
   |
22 | use std::path::Path;
   |     ^^^^^^^^^^^^^^^

warning: unused imports: `Aead` and `Payload`
  --> C:\Users\mark_\Code\worktrees\mere-viewer-cone\crates\system\pandect\src\wallet_grant\mod.rs:25:30
   |
25 | use chacha20poly1305::aead::{Aead, KeyInit, Payload};
   |                              ^^^^           ^^^^^^^

warning: unused imports: `Key`, `XChaCha20Poly1305`, and `XNonce`
  --> C:\Users\mark_\Code\worktrees\mere-viewer-cone\crates\system\pandect\src\wallet_grant\mod.rs:26:24
   |
26 | use chacha20poly1305::{Key, XChaCha20Poly1305, XNonce};
   |                        ^^^  ^^^^^^^^^^^^^^^^^  ^^^^^^

warning: unused imports: `Ed25519Keypair`, `Ed25519PublicKey`, `Ed25519Signature`, `IdentityProvider`, and `InMemoryProvider`
  --> C:\Users\mark_\Code\worktrees\mere-viewer-cone\crates\system\pandect\src\wallet_grant\mod.rs:28:5
   |
28 |     Ed25519Keypair, Ed25519PublicKey, Ed25519Signature, IdentityProvider, InMemoryProvider,
   |     ^^^^^^^^^^^^^^  ^^^^^^^^^^^^^^^^  ^^^^^^^^^^^^^^^^  ^^^^^^^^^^^^^^^^  ^^^^^^^^^^^^^^^^

warning: unused import: `Deserialize`
  --> C:\Users\mark_\Code\worktrees\mere-viewer-cone\crates\system\pandect\src\wallet_grant\mod.rs:30:13
   |
30 | use serde::{Deserialize, Serialize};
   |             ^^^^^^^^^^^

warning: unused import: `crate::manifest::PersonaId`
  --> C:\Users\mark_\Code\worktrees\mere-viewer-cone\crates\system\pandect\src\wallet_grant\mod.rs:33:5
   |
33 | use crate::manifest::PersonaId;
   |     ^^^^^^^^^^^^^^^^^^^^^^^^^^

warning: unused imports: `CapabilitySlotRef`, `DeviceGrantRef`, `DeviceRecord`, `DeviceRoster`, `IdentityWalletManifest`, `LocalDeviceIdentity`, `PersonaWalletRef`, `RemoteAuthWrappingKeyBridge`, `RemoteAuthWrappingKeyRecord`, `device_grant_path`, `device_roster_ref`, `ensure_persona_epoch_bridge`, `load_current_private_epoch`, `load_device_grant`, `load_device_roster`, `load_identity_seed`, `load_identity_wallet`, `load_local_device_identity`, `load_persona_wallet`, `load_remote_auth_wrapping_key_bridge`, `save_device_grant`, `save_device_roster`, `save_identity_wallet`, `save_persona_wallet`, `save_remote_auth_wrapping_key_bridge`, and `stage_persona_private_epoch`
  --> C:\Users\mark_\Code\worktrees\mere-viewer-cone\crates\system\pandect\src\wallet_grant\mod.rs:35:5
   |
35 |     CapabilitySlotRef, CarryRef, DeviceExposure, DeviceGrantRef, DeviceId, DeviceMode,
   |     ^^^^^^^^^^^^^^^^^                            ^^^^^^^^^^^^^^
36 |     DevicePublicKey, DeviceRecord, DeviceRoster, IdentityWalletManifest, KeyEpochId,
   |                      ^^^^^^^^^^^^  ^^^^^^^^^^^^  ^^^^^^^^^^^^^^^^^^^^^^
37 |     LocalDeviceIdentity, PersonaWalletManifest, PersonaWalletRef, RemoteAuthWrappingKeyBridge,
   |     ^^^^^^^^^^^^^^^^^^^                         ^^^^^^^^^^^^^^^^  ^^^^^^^^^^^^^^^^^^^^^^^^^^^
38 |     RemoteAuthWrappingKeyRecord, device_grant_path, device_roster_ref, ensure_persona_epoch_bridge,
   |     ^^^^^^^^^^^^^^^^^^^^^^^^^^^  ^^^^^^^^^^^^^^^^^  ^^^^^^^^^^^^^^^^^  ^^^^^^^^^^^^^^^^^^^^^^^^^^^
39 |     load_current_private_epoch, load_device_grant, load_device_roster, load_identity_seed,
   |     ^^^^^^^^^^^^^^^^^^^^^^^^^^  ^^^^^^^^^^^^^^^^^  ^^^^^^^^^^^^^^^^^^  ^^^^^^^^^^^^^^^^^^
40 |     load_identity_wallet, load_local_device_identity, load_persona_wallet,
   |     ^^^^^^^^^^^^^^^^^^^^  ^^^^^^^^^^^^^^^^^^^^^^^^^^  ^^^^^^^^^^^^^^^^^^^
41 |     load_remote_auth_wrapping_key_bridge, save_device_grant, save_device_roster,
   |     ^^^^^^^^^^^^^^^^^^^^^^^^^^^^^^^^^^^^  ^^^^^^^^^^^^^^^^^  ^^^^^^^^^^^^^^^^^^
42 |     save_identity_wallet, save_persona_wallet, save_remote_auth_wrapping_key_bridge,
   |     ^^^^^^^^^^^^^^^^^^^^  ^^^^^^^^^^^^^^^^^^^  ^^^^^^^^^^^^^^^^^^^^^^^^^^^^^^^^^^^^
43 |     stage_persona_private_epoch,
   |     ^^^^^^^^^^^^^^^^^^^^^^^^^^^

warning: unused imports: `Ed25519Keypair`, `IdentityProvider`, and `InMemoryProvider`
  --> C:\Users\mark_\Code\worktrees\mere-viewer-cone\crates\system\pandect\src\wallet_grant\enroll.rs:13:16
   |
13 | use identity::{Ed25519Keypair, IdentityProvider, InMemoryProvider, PersonaId};
   |                ^^^^^^^^^^^^^^  ^^^^^^^^^^^^^^^^  ^^^^^^^^^^^^^^^^

warning: unused imports: `Ed25519Keypair` and `PersonaId`
  --> C:\Users\mark_\Code\worktrees\mere-viewer-cone\crates\system\pandect\src\wallet_grant\issue.rs:14:16
   |
14 | use identity::{Ed25519Keypair, IdentityProvider, InMemoryProvider, PersonaId};
   |                ^^^^^^^^^^^^^^                                      ^^^^^^^^^

warning: unused import: `std::io`
  --> C:\Users\mark_\Code\worktrees\mere-viewer-cone\crates\system\pandect\src\wallet_grant\pairing.rs:10:5
   |
10 | use std::io;
   |     ^^^^^^^

warning: unused import: `std::io`
  --> C:\Users\mark_\Code\worktrees\mere-viewer-cone\crates\system\pandect\src\wallet_grant\records.rs:10:5
   |
10 | use std::io;
   |     ^^^^^^^

warning: unused import: `std::path::Path`
  --> C:\Users\mark_\Code\worktrees\mere-viewer-cone\crates\system\pandect\src\wallet_grant\records.rs:11:5
   |
11 | use std::path::Path;
   |     ^^^^^^^^^^^^^^^

warning: unused imports: `Ed25519Keypair`, `IdentityProvider`, `InMemoryProvider`, and `PersonaId`
  --> C:\Users\mark_\Code\worktrees\mere-viewer-cone\crates\system\pandect\src\wallet_grant\records.rs:13:16
   |
13 | use identity::{Ed25519Keypair, IdentityProvider, InMemoryProvider, PersonaId};
   |                ^^^^^^^^^^^^^^  ^^^^^^^^^^^^^^^^  ^^^^^^^^^^^^^^^^  ^^^^^^^^^

warning: unused imports: `Ed25519Keypair` and `IdentityProvider`
  --> C:\Users\mark_\Code\worktrees\mere-viewer-cone\crates\system\pandect\src\wallet_grant\refresh.rs:13:16
   |
13 | use identity::{Ed25519Keypair, IdentityProvider, InMemoryProvider, PersonaId};
   |                ^^^^^^^^^^^^^^  ^^^^^^^^^^^^^^^^

warning: unused imports: `Ed25519Keypair`, `IdentityProvider`, and `InMemoryProvider`
  --> C:\Users\mark_\Code\worktrees\mere-viewer-cone\crates\system\pandect\src\wallet_grant\revoke.rs:13:16
   |
13 | use identity::{Ed25519Keypair, IdentityProvider, InMemoryProvider, PersonaId};
   |                ^^^^^^^^^^^^^^  ^^^^^^^^^^^^^^^^  ^^^^^^^^^^^^^^^^

warning: unused import: `Ed25519Signature`
  --> C:\Users\mark_\Code\worktrees\mere-viewer-cone\crates\system\pandect\src\wallet_grant\types.rs:14:16
   |
14 | use identity::{Ed25519Signature, PersonaId};
   |                ^^^^^^^^^^^^^^^^

warning: unused imports: `DEVICE_GRANT_SCHEMA_VERSION` and `DeviceGrantError`
  --> C:\Users\mark_\Code\worktrees\mere-viewer-cone\crates\system\pandect\src\wallet_grant\types.rs:19:5
   |
19 |     DEVICE_GRANT_SCHEMA_VERSION, DeviceExposure, DeviceGrantError, DeviceId, DevicePublicKey,
   |     ^^^^^^^^^^^^^^^^^^^^^^^^^^^                  ^^^^^^^^^^^^^^^^

warning: unused imports: `Ed25519Keypair`, `IdentityProvider`, `InMemoryProvider`, and `PersonaId`
  --> C:\Users\mark_\Code\worktrees\mere-viewer-cone\crates\system\pandect\src\wallet_grant\validate.rs:13:16
   |
13 | use identity::{Ed25519Keypair, IdentityProvider, InMemoryProvider, PersonaId};
   |                ^^^^^^^^^^^^^^  ^^^^^^^^^^^^^^^^  ^^^^^^^^^^^^^^^^  ^^^^^^^^^

warning: unused imports: `Ed25519Keypair`, `IdentityProvider`, `InMemoryProvider`, and `PersonaId`
  --> C:\Users\mark_\Code\worktrees\mere-viewer-cone\crates\system\pandect\src\wallet_grant\wrapping.rs:13:16
   |
13 | use identity::{Ed25519Keypair, IdentityProvider, InMemoryProvider, PersonaId};
   |                ^^^^^^^^^^^^^^  ^^^^^^^^^^^^^^^^  ^^^^^^^^^^^^^^^^  ^^^^^^^^^

warning: unused imports: `install_remote_auth_enrollment_bundle_inner` and `restore_wrapped_private_epochs`
   --> C:\Users\mark_\Code\worktrees\mere-viewer-cone\crates\system\pandect\src\wallet_grant\mod.rs:127:5
    |
127 |     install_remote_auth_enrollment_bundle_inner, restore_wrapped_private_epochs,
    |     ^^^^^^^^^^^^^^^^^^^^^^^^^^^^^^^^^^^^^^^^^^^  ^^^^^^^^^^^^^^^^^^^^^^^^^^^^^^

warning: unused import: `epochs::wrapped_epoch_aad`
   --> C:\Users\mark_\Code\worktrees\mere-viewer-cone\crates\system\pandect\src\wallet_grant\mod.rs:129:16
    |
129 | pub(crate) use epochs::wrapped_epoch_aad;
    |                ^^^^^^^^^^^^^^^^^^^^^^^^^

warning: unused imports: `derive_pairing_key_from_transcript` and `remote_auth_pairing_transcript`
   --> C:\Users\mark_\Code\worktrees\mere-viewer-cone\crates\system\pandect\src\wallet_grant\mod.rs:130:26
    |
130 | pub(crate) use pairing::{derive_pairing_key_from_transcript, remote_auth_pairing_transcript};
    |                          ^^^^^^^^^^^^^^^^^^^^^^^^^^^^^^^^^^  ^^^^^^^^^^^^^^^^^^^^^^^^^^^^^^

warning: unused import: `refresh_remote_auth_private_read_grant`
   --> C:\Users\mark_\Code\worktrees\mere-viewer-cone\crates\system\pandect\src\wallet_grant\mod.rs:135:5
    |
135 |     refresh_remote_auth_private_read_grant, refresh_remote_auth_private_read_grants,
    |     ^^^^^^^^^^^^^^^^^^^^^^^^^^^^^^^^^^^^^^

warning: unused import: `revoke::revoke_persona_grant_access`
   --> C:\Users\mark_\Code\worktrees\mere-viewer-cone\crates\system\pandect\src\wallet_grant\mod.rs:138:16
    |
138 | pub(crate) use revoke::revoke_persona_grant_access;
    |                ^^^^^^^^^^^^^^^^^^^^^^^^^^^^^^^^^^^

warning: unused import: `KeyInit`
  --> C:\Users\mark_\Code\worktrees\mere-viewer-cone\crates\system\pandect\src\wallet_grant\mod.rs:25:36
   |
25 | use chacha20poly1305::aead::{Aead, KeyInit, Payload};
   |                                    ^^^^^^^

warning: unused variable: `provider`
  --> C:\Users\mark_\Code\worktrees\mere-viewer-cone\crates\system\pandect\src\wallet_grant\refresh.rs:53:5
   |
53 |     provider: &InMemoryProvider,
   |     ^^^^^^^^ help: if this is intentional, prefix it with an underscore: `_provider`
   |
   = note: `#[warn(unused_variables)]` (part of `#[warn(unused)]`) on by default

   Compiling mesquite v0.1.0 (C:\Users\mark_\Code\worktrees\mere-viewer-cone\crates\cambium\mesquite)
   Compiling mere v0.0.2 (C:\Users\mark_\Code\worktrees\mere-viewer-cone\crates\mere)
   Compiling graphshell-endpoint v0.0.2 (C:\Users\mark_\Code\worktrees\mere-viewer-cone\crates\graphshell\graphshell-endpoint)
   Compiling graphshell-client v0.0.2 (C:\Users\mark_\Code\worktrees\mere-viewer-cone\crates\graphshell\graphshell-client)
   Compiling cambium-genet-web-host v0.1.0 (C:\Users\mark_\Code\worktrees\mere-viewer-cone\crates\cambium\cambium-genet-web-host)
   Compiling graphshell v0.0.2 (C:\Users\mark_\Code\worktrees\mere-viewer-cone\ports\graphshell)
   Compiling console_error_panic_hook v0.1.7
warning: `pandect` (lib) generated 27 warnings (run `cargo fix --lib -p pandect` to apply 26 suggestions)
warning: `pictograph` (lib) generated 1 warning
   Compiling graphshell-web v0.1.0 (C:\Users\mark_\Code\worktrees\mere-viewer-cone\ports\graphshell\web)
warning: unused import: `std::cell::RefCell`
  --> ..\src\web_scenario.rs:43:5
   |
43 | use std::cell::RefCell;
   |     ^^^^^^^^^^^^^^^^^^
   |
   = note: `#[warn(unused_imports)]` (part of `#[warn(unused)]`) on by default

warning: unused import: `std::rc::Rc`
  --> ..\src\web_scenario.rs:44:5
   |
44 | use std::rc::Rc;
   |     ^^^^^^^^^^^

warning: unused imports: `Automatable`, `Driveable`, `ProbeSnapshot`, `ProbeSurface`, `Progress`, and `Scenario`
  --> ..\src\web_scenario.rs:46:15
   |
46 | use taproot::{Automatable, Driveable, ProbeSnapshot, ProbeSurface, Progress, Scenario};
   |               ^^^^^^^^^^^  ^^^^^^^^^  ^^^^^^^^^^^^^  ^^^^^^^^^^^^  ^^^^^^^^  ^^^^^^^^

warning: unused imports: `EventInit`, `Event`, `HtmlElement`, `HtmlInputElement`, `HtmlSelectElement`, `HtmlTextAreaElement`, `KeyboardEventInit`, `KeyboardEvent`, `PointerEventInit`, and `PointerEvent`
  --> ..\src\web_scenario.rs:50:40
   |
50 |     CanvasRenderingContext2d, Element, Event, EventInit, HtmlCanvasElement, HtmlElement,
   |                                        ^^^^^  ^^^^^^^^^                     ^^^^^^^^^^^
51 |     HtmlInputElement, HtmlSelectElement, HtmlTextAreaElement, ImageData, KeyboardEvent,
   |     ^^^^^^^^^^^^^^^^  ^^^^^^^^^^^^^^^^^  ^^^^^^^^^^^^^^^^^^^             ^^^^^^^^^^^^^
52 |     KeyboardEventInit, PointerEvent, PointerEventInit,
   |     ^^^^^^^^^^^^^^^^^  ^^^^^^^^^^^^  ^^^^^^^^^^^^^^^^

warning: unused import: `std::rc::Rc`
  --> ..\src\web_timing.rs:24:5
   |
24 | use std::rc::Rc;
   |     ^^^^^^^^^^^

warning: unused variable: `options`
   --> ..\src\web_tree.rs:184:17
    |
184 |             let options = shared.gpu_options;
    |                 ^^^^^^^ help: if this is intentional, prefix it with an underscore: `_options`
    |
    = note: `#[warn(unused_variables)]` (part of `#[warn(unused)]`) on by default

warning: constant `CONTENT_KEY` is never used
  --> ..\src\web_gpu.rs:25:7
   |
25 | const CONTENT_KEY: u64 = 1;
   |       ^^^^^^^^^^^
   |
   = note: `#[warn(dead_code)]` (part of `#[warn(unused)]`) on by default

warning: constant `CHROME_KEY` is never used
  --> ..\src\web_gpu.rs:26:7
   |
26 | const CHROME_KEY: u64 = 2;
   |       ^^^^^^^^^^

warning: constant `CAPTURE_CONTENT_KEY` is never used
  --> ..\src\web_gpu.rs:27:7
   |
27 | const CAPTURE_CONTENT_KEY: u64 = 3;
   |       ^^^^^^^^^^^^^^^^^^^

warning: constant `CAPTURE_CHROME_KEY` is never used
  --> ..\src\web_gpu.rs:28:7
   |
28 | const CAPTURE_CHROME_KEY: u64 = 4;
   |       ^^^^^^^^^^^^^^^^^^

warning: struct `PendingCapture` is never constructed
  --> ..\src\web_gpu.rs:46:19
   |
46 | pub(crate) struct PendingCapture {
   |                   ^^^^^^^^^^^^^^

warning: methods `ready` and `take` are never used
  --> ..\src\web_gpu.rs:55:19
   |
54 | impl PendingCapture {
   | ------------------- methods in this implementation
55 |     pub(crate) fn ready(&self) -> bool {
   |                   ^^^^^
...
60 |     pub(crate) fn take(self) -> Result<(u32, u32, Vec<u8>), String> {
   |                   ^^^^

warning: struct `GpuPresenter` is never constructed
  --> ..\src\web_gpu.rs:77:19
   |
77 | pub(crate) struct GpuPresenter {
   |                   ^^^^^^^^^^^^

warning: multiple associated items are never used
   --> ..\src\web_gpu.rs:89:19
    |
 86 | impl GpuPresenter {
    | ----------------- associated items in this implementation
...
 89 |     pub(super) fn retain(&self, scene: Scene, old: Option<u64>) -> Result<u64, String> {
    |                   ^^^^^^
...
103 |     pub(super) fn release_fragment(&self, id: u64) {
    |                   ^^^^^^^^^^^^^^^^
...
106 |     pub(crate) async fn boot(
    |                         ^^^^
...
135 |     pub(crate) fn capture(
    |                   ^^^^^^^
...
246 |     pub(crate) fn resize(&mut self, width: u32, height: u32) {
    |                   ^^^^^^
...
251 |     pub(crate) fn gpu(&self) -> (&wgpu::Device, &wgpu::Queue) {
    |                   ^^^
...
262 |     pub(crate) fn present(
    |                   ^^^^^^^

warning: function `label` is never used
   --> ..\src\web_speed.rs:313:15
    |
313 | pub(crate) fn label(speed: Speed) -> String {
    |               ^^^^^

warning: function `board_line` is never used
   --> ..\src\web_speed.rs:331:15
    |
331 | pub(crate) fn board_line(speed: Speed) -> String {
    |               ^^^^^^^^^^

warning: field `draft` is never read
   --> ..\src\web_tree.rs:444:5
    |
429 | pub(crate) struct TreePage {
    |                   -------- field in this struct
...
444 |     draft: remote::DraftControls,
    |     ^^^^^

warning: field `enabled` is never read
   --> ..\src\web_tree\controls.rs:130:16
    |
129 | pub(super) struct GpuOptions {
    |                   ---------- field in this struct
130 |     pub(super) enabled: bool,
    |                ^^^^^^^
    |
    = note: `GpuOptions` has derived impls for the traits `Debug` and `Clone`, but these are intentionally ignored during dead code analysis

warning: fields `address`, `role`, and `status` are never read
  --> ..\src\web_tree\product_off.rs:20:16
   |
16 | pub(super) struct SavedProduct {
   |                   ------------ fields in this struct
...
20 |     pub(super) address: String,
   |                ^^^^^^^
21 |     pub(super) detail_open: bool,
22 |     pub(super) role: SelectState,
   |                ^^^^
23 |     pub(super) saving: bool,
24 |     pub(super) status: String,
   |                ^^^^^^

warning: method `save` is never used
  --> ..\src\web_tree\product_off.rs:59:19
   |
42 | impl SavedProduct {
   | ----------------- method in this implementation
...
59 |     pub(super) fn save(&mut self) {
   |                   ^^^^

warning: variant `Remote` is never constructed
  --> ..\src\web_tree\remote_off.rs:44:5
   |
42 | pub(super) enum Session {
   |                 ------- variant in this enum
43 |     Local,
44 |     Remote,
   |     ^^^^^^
   |
   = note: `Session` has derived impls for the traits `Debug` and `Clone`, but these are intentionally ignored during dead code analysis

warning: methods `pump`, `form_mut`, and `label` are never used
   --> ..\src\web_tree\remote_off.rs:85:19
    |
 73 | impl TreeRemote {
    | --------------- methods in this implementation
...
 85 |     pub(super) fn pump(&mut self) {
    |                   ^^^^
...
 93 |     pub(super) fn form_mut(&mut self) -> &mut ActionForm {
    |                   ^^^^^^^^
...
113 |     pub(super) fn label(&self) -> String {
    |                   ^^^^^

warning: field `fields` is never read
   --> ..\src\web_tree\remote_off.rs:136:16
    |
135 | pub(super) struct DraftControls {
    |                   ------------- field in this struct
136 |     pub(super) fields: Vec<SelectState>,
    |                ^^^^^^

warning: `graphshell-web` (lib) generated 23 warnings (run `cargo fix --lib -p graphshell-web` to apply 6 suggestions)
    Finished `release` profile [optimized] target(s) in 3m 35s
