[1007/090646.218406:WARNING:chrome/app/chrome_main_linux.cc:84] Read channel stable from /app/extra/CHROME_VERSION_EXTRA
[1007/090646.477972:WARNING:chrome/app/chrome_main_linux.cc:84] Read channel stable from /app/extra/CHROME_VERSION_EXTRA
[2:2:1007/090646.491382:WARNING:ui/ozone/platform/wayland/common/wayland_object.cc:119] Binding to wl_shm version 1 but version 2 is available.
[2:2:1007/090646.491508:WARNING:ui/ozone/platform/wayland/common/wayland_object.cc:119] Binding to zwp_pointer_gestures_v1 version 1 but version 3 is available.
[2:2:1007/090646.491571:WARNING:ui/ozone/platform/wayland/common/wayland_object.cc:119] Binding to zwp_linux_dmabuf_v1 version 4 but version 5 is available.
[2:2:1007/090646.491635:WARNING:ui/ozone/platform/wayland/common/wayland_object.cc:119] Binding to wp_color_manager_v1 version 1 but version 2 is available.
[2:2:1007/090646.491653:WARNING:ui/ozone/platform/wayland/common/wayland_object.cc:119] Binding to wp_cursor_shape_manager_v1 version 1 but version 2 is available.
[2:2:1007/090646.594726:INFO:components/enterprise/browser/controller/chrome_browser_cloud_management_controller.cc:241] No machine level policy manager exists.
[88:4:1007/090646.658400:WARNING:third_party/crashpad/crashpad/client/crashpad_client_linux.cc:376] prctl: Invalid argument (22)
[66:66:1007/090646.679685:ERROR:ui/ozone/platform/wayland/gpu/wayland_surface_factory.cc:249] '--ozone-platform=wayland' is not compatible with Vulkan. Consider switching to '--ozone-platform=x11' or disabling Vulkan
[2:2:1007/090646.708711:WARNING:ui/ozone/platform/wayland/host/wayland_surface.cc:170] Server doesn't support zcr_alpha_compositing_v1.
[2:2:1007/090646.708759:WARNING:ui/ozone/platform/wayland/host/wayland_surface.cc:185] Server doesn't support overlay_prioritizer.
[2:2:1007/090646.708769:WARNING:ui/ozone/platform/wayland/host/wayland_surface.cc:200] Server doesn't support wp_content_type_v1
[66:66:1007/090646.711379:WARNING:sandbox/policy/linux/sandbox_linux.cc:405] InitializeSandbox() called with multiple threads in process gpu-process.
[126:12:1007/090646.733651:WARNING:third_party/crashpad/crashpad/client/crashpad_client_linux.cc:376] prctl: Invalid argument (22)
[2:2:1007/090646.830941:WARNING:ui/ozone/platform/wayland/host/org_gnome_mutter_idle_monitor.cc:87] org.gnome.Mutter.IdleMonitor D-Bus service does not exist
[2:2:1007/090646.973873:WARNING:ui/base/idle/idle_linux.cc:111] None of the known D-Bus ScreenSaver services could be used.
Warning: maxDynamicUniformBuffersPerPipelineLayout artificially reduced from 507904 to 16 to fit dynamic offset allocation limit.
Warning: maxDynamicStorageBuffersPerPipelineLayout artificially reduced from 507904 to 16 to fit dynamic offset allocation limit.
[2:49:1007/090652.524586:ERROR:google_apis/gcm/engine/registration_request.cc:291] Registration response error message: DEPRECATED_ENDPOINT
[2:49:1007/090652.598035:ERROR:google_apis/gcm/engine/mcs_client.cc:702]   Error code: 401  Error message: Authentication Failed: wrong_secret
[2:49:1007/090652.598079:ERROR:google_apis/gcm/engine/mcs_client.cc:704] Failed to log in to GCM, resetting connection.
Created TensorFlow Lite XNNPACK delegate for CPU.
Created TensorFlow Lite XNNPACK delegate for CPU.
[2:43:1007/090716.676826:INFO:chrome/browser/extensions/extension_garbage_collector.cc:212] Garbage collection for extensions on file thread is complete.
[2:49:1007/090717.752931:ERROR:google_apis/gcm/engine/registration_request.cc:291] Registration response error message: DEPRECATED_ENDPOINT
[2:49:1007/090734.015579:ERROR:google_apis/gcm/engine/connection_factory_impl.cc:484] ConnectionHandler failed with net error: -2
