[1007/091118.559926:WARNING:chrome/app/chrome_main_linux.cc:84] Read channel stable from /app/extra/CHROME_VERSION_EXTRA
[1007/091118.797732:WARNING:chrome/app/chrome_main_linux.cc:84] Read channel stable from /app/extra/CHROME_VERSION_EXTRA
[2:2:1007/091118.810036:WARNING:ui/ozone/platform/wayland/common/wayland_object.cc:119] Binding to wl_shm version 1 but version 2 is available.
[2:2:1007/091118.810199:WARNING:ui/ozone/platform/wayland/common/wayland_object.cc:119] Binding to zwp_pointer_gestures_v1 version 1 but version 3 is available.
[2:2:1007/091118.810251:WARNING:ui/ozone/platform/wayland/common/wayland_object.cc:119] Binding to zwp_linux_dmabuf_v1 version 4 but version 5 is available.
[2:2:1007/091118.810314:WARNING:ui/ozone/platform/wayland/common/wayland_object.cc:119] Binding to wp_color_manager_v1 version 1 but version 2 is available.
[2:2:1007/091118.810339:WARNING:ui/ozone/platform/wayland/common/wayland_object.cc:119] Binding to wp_cursor_shape_manager_v1 version 1 but version 2 is available.
[2:2:1007/091118.907110:INFO:components/enterprise/browser/controller/chrome_browser_cloud_management_controller.cc:241] No machine level policy manager exists.
[90:4:1007/091118.980237:WARNING:third_party/crashpad/crashpad/client/crashpad_client_linux.cc:376] prctl: Invalid argument (22)
[66:66:1007/091118.988450:ERROR:ui/ozone/platform/wayland/gpu/wayland_surface_factory.cc:249] '--ozone-platform=wayland' is not compatible with Vulkan. Consider switching to '--ozone-platform=x11' or disabling Vulkan
[66:66:1007/091119.023150:WARNING:sandbox/policy/linux/sandbox_linux.cc:405] InitializeSandbox() called with multiple threads in process gpu-process.
[2:2:1007/091119.026397:WARNING:ui/ozone/platform/wayland/host/wayland_surface.cc:170] Server doesn't support zcr_alpha_compositing_v1.
[2:2:1007/091119.026430:WARNING:ui/ozone/platform/wayland/host/wayland_surface.cc:185] Server doesn't support overlay_prioritizer.
[2:2:1007/091119.026438:WARNING:ui/ozone/platform/wayland/host/wayland_surface.cc:200] Server doesn't support wp_content_type_v1
[126:12:1007/091119.046076:WARNING:third_party/crashpad/crashpad/client/crashpad_client_linux.cc:376] prctl: Invalid argument (22)
[2:2:1007/091119.135536:WARNING:ui/ozone/platform/wayland/host/org_gnome_mutter_idle_monitor.cc:87] org.gnome.Mutter.IdleMonitor D-Bus service does not exist
[2:2:1007/091119.283379:WARNING:ui/base/idle/idle_linux.cc:111] None of the known D-Bus ScreenSaver services could be used.
Warning: maxDynamicUniformBuffersPerPipelineLayout artificially reduced from 507904 to 16 to fit dynamic offset allocation limit.
Warning: maxDynamicStorageBuffersPerPipelineLayout artificially reduced from 507904 to 16 to fit dynamic offset allocation limit.
[2:2:1007/091120.631682:INFO:CONSOLE:1921] "this build has no remote session: the `remote` feature is off", source: http://127.0.0.1:9057/pkg/graphshell_web.js (1921)
