[1007/011710.581375:WARNING:chrome/app/chrome_main_linux.cc:84] Read channel stable from /app/extra/CHROME_VERSION_EXTRA
[1007/011710.842390:WARNING:chrome/app/chrome_main_linux.cc:84] Read channel stable from /app/extra/CHROME_VERSION_EXTRA
[2:2:1007/011710.854325:WARNING:ui/ozone/platform/wayland/common/wayland_object.cc:119] Binding to wl_shm version 1 but version 2 is available.
[2:2:1007/011710.855121:WARNING:ui/ozone/platform/wayland/common/wayland_object.cc:119] Binding to zwp_pointer_gestures_v1 version 1 but version 3 is available.
[2:2:1007/011710.855183:WARNING:ui/ozone/platform/wayland/common/wayland_object.cc:119] Binding to zwp_linux_dmabuf_v1 version 4 but version 5 is available.
[2:2:1007/011710.855244:WARNING:ui/ozone/platform/wayland/common/wayland_object.cc:119] Binding to wp_color_manager_v1 version 1 but version 2 is available.
[2:2:1007/011710.855266:WARNING:ui/ozone/platform/wayland/common/wayland_object.cc:119] Binding to wp_cursor_shape_manager_v1 version 1 but version 2 is available.
[2:2:1007/011710.942785:INFO:components/enterprise/browser/controller/chrome_browser_cloud_management_controller.cc:241] No machine level policy manager exists.
[87:4:1007/011711.011444:WARNING:third_party/crashpad/crashpad/client/crashpad_client_linux.cc:376] prctl: Invalid argument (22)
[66:66:1007/011711.043573:ERROR:ui/ozone/platform/wayland/gpu/wayland_surface_factory.cc:249] '--ozone-platform=wayland' is not compatible with Vulkan. Consider switching to '--ozone-platform=x11' or disabling Vulkan
[2:2:1007/011711.060167:WARNING:ui/ozone/platform/wayland/host/wayland_surface.cc:170] Server doesn't support zcr_alpha_compositing_v1.
[2:2:1007/011711.060203:WARNING:ui/ozone/platform/wayland/host/wayland_surface.cc:185] Server doesn't support overlay_prioritizer.
[2:2:1007/011711.060213:WARNING:ui/ozone/platform/wayland/host/wayland_surface.cc:200] Server doesn't support wp_content_type_v1
[66:66:1007/011711.066704:WARNING:sandbox/policy/linux/sandbox_linux.cc:405] InitializeSandbox() called with multiple threads in process gpu-process.
[124:12:1007/011711.082356:WARNING:third_party/crashpad/crashpad/client/crashpad_client_linux.cc:376] prctl: Invalid argument (22)
[2:2:1007/011711.170100:WARNING:ui/ozone/platform/wayland/host/org_gnome_mutter_idle_monitor.cc:87] org.gnome.Mutter.IdleMonitor D-Bus service does not exist
[2:2:1007/011711.307168:WARNING:ui/base/idle/idle_linux.cc:111] None of the known D-Bus ScreenSaver services could be used.
Warning: maxDynamicUniformBuffersPerPipelineLayout artificially reduced from 507904 to 16 to fit dynamic offset allocation limit.
Warning: maxDynamicStorageBuffersPerPipelineLayout artificially reduced from 507904 to 16 to fit dynamic offset allocation limit.
[2:49:1007/011716.801186:ERROR:google_apis/gcm/engine/registration_request.cc:291] Registration response error message: PHONE_REGISTRATION_ERROR
[2:49:1007/011716.813656:ERROR:google_apis/gcm/engine/registration_request.cc:291] Registration response error message: PHONE_REGISTRATION_ERROR
[2:49:1007/011716.813831:ERROR:google_apis/gcm/engine/registration_request.cc:291] Registration response error message: PHONE_REGISTRATION_ERROR
[2:49:1007/011716.890427:ERROR:google_apis/gcm/engine/mcs_client.cc:702]   Error code: 401  Error message: Authentication Failed: wrong_secret
[2:49:1007/011716.890471:ERROR:google_apis/gcm/engine/mcs_client.cc:704] Failed to log in to GCM, resetting connection.
