set default, suffix r1, ports from 8960, one at a time
PASS p4_tree_physics_springs-r1: RESULT ok; page errors 0, gate failures 0 (22 s) page=tree.html query=''
PASS p4_tree_physics_charge-r1: RESULT ok; page errors 0, gate failures 0 (26 s) page=tree.html query=''
PASS p4_tree_physics_stress-r1: RESULT ok; page errors 0, gate failures 0 (24 s) page=tree.html query=''
PASS p4_tree_physics_energy-r1: RESULT ok; page errors 0, gate failures 0 (20 s) page=tree.html query=''
PASS p4_tree_physics_orbit-r1: RESULT ok; page errors 0, gate failures 0 (41 s) page=tree.html query=''
PASS p4_tree_physics_kinds-r1: RESULT ok; page errors 0, gate failures 0 (30 s) page=tree.html query=''
PASS p4_tree_physics_flock-r1: RESULT ok; page errors 0, gate failures 0 (42 s) page=tree.html query=''
PASS p4_tree_physics_sync-r1: RESULT ok; page errors 0, gate failures 0 (27 s) page=tree.html query=''
PASS p4_tree_physics_flow-r1: RESULT ok; page errors 0, gate failures 0 (45 s) page=tree.html query=''
PASS p4_tree_physics_anneal-r1: RESULT ok; page errors 0, gate failures 0 (40 s) page=tree.html query=''
PASS p4_tree_physics_still-r1: RESULT ok; page errors 0, gate failures 0 (27 s) page=tree.html query=''
PASS p4_tree_physics_profiles-r1: RESULT ok; page errors 0, gate failures 0 (32 s) page=tree.html query=''
PASS p4_tree_physics_add-r1: RESULT ok; page errors 0, gate failures 0 (214 s) page=tree.html query=''
PASS p4_tree_physics_drag-r1: RESULT ok; page errors 0, gate failures 0 (197 s) page=tree.html query=''
PASS p4_tree_physics_density-r1: RESULT ok; page errors 0, gate failures 0 (365 s) page=tree.html query=''
PASS p4_tree_physics_density_control-r1: RESULT ok; page errors 0, gate failures 0 (63 s) page=tree.html query=''
PASS p4_tree_physics_framing_control-r1: RESULT ok; page errors 0, gate failures 0 (22 s) page=tree.html query=''
PASS p6_tree_speed_slow-r1-physics-speed-0-2: RESULT ok; page errors 0, gate failures 0 (14 s) page=tree.html query='physics_speed=0.2'
FAIL p6_tree_speed_fast-r1-nodes-300-seed-7-links-none-gpu-off-physics-speed-50: RESULT fail; page errors 0, gate failures 0 (33 s) page=tree.html query='nodes=300&seed=7&links=none&gpu=off&physics_speed=50'
PASS p6_tree_speed_fast_planted-r1-nodes-300-seed-7-links-none-gpu-off-physics-speed-max-physics-plant-stall-ms-10: RESULT ok; page errors 0, gate failures 0 (30 s) page=tree.html query='nodes=300&seed=7&links=none&gpu=off&physics_speed=max&physics_plant_stall_ms=10'
FAIL p6_tree_speed_fast_control-r1-nodes-24-seed-7-links-none-gpu-off-physics-speed-50: RESULT fail; page errors 0, gate failures 0 (11 s) page=tree.html query='nodes=24&seed=7&links=none&gpu=off&physics_speed=50'
PASS p6_tree_speed_select-r1-nodes-300-seed-7-links-none-gpu-off: RESULT ok; page errors 0, gate failures 0 (48 s) page=tree.html query='nodes=300&seed=7&links=none&gpu=off'
PASS p5_tree_cpu_settle_2000-r1-nodes-2000-seed-7-links-none-gpu-off: RESULT ok; page errors 0, gate failures 0 (401 s) page=tree.html query='nodes=2000&seed=7&links=none&gpu=off'
PASS p4_tree_canvas_reader-r1: RESULT ok; page errors 0, gate failures 0 (12 s) page=tree.html query=''
control failed on 'reader-items', as it should p4_tree_canvas_reader-r1-plant-a11y-missing-item: RESULT fail; page errors 0, gate failures 0 (13 s) page=tree.html query='plant_a11y=missing_item'
control failed on 'reader-buttons', as it should p4_tree_canvas_reader-r1-plant-a11y-missing-action: RESULT fail; page errors 0, gate failures 0 (12 s) page=tree.html query='plant_a11y=missing_action'
control failed on 'pinned', as it should p4_tree_canvas_reader-r1-plant-a11y-dead-action: RESULT fail; page errors 0, gate failures 0 (12 s) page=tree.html query='plant_a11y=dead_action'
PASS p4_tree_canvas_reader_cdp-r1: RESULT ok; page errors 0, gate failures 0; EXIT 0 CDP OK: 11 of 11 shown, 11 items, each with Drag and Pin (9 s) page=tree.html query=''
control failed in Chrome's tree on 'Pin missing', as it should p4_tree_canvas_reader_cdp-r1-plant-a11y-missing-action: RESULT ok; page errors 0, gate failures 0; EXIT 1 CDP FAIL: Pin missing on "I2P port notes"; Pin missing on "I2P service"; Pin missing on "Reference notes" (9 s) page=tree.html query='plant_a11y=missing_action'
PASS p4_tree_arrangement_roles-r1: RESULT ok; page errors 0, gate failures 0 (106 s) page=tree.html query=''
PASS p4_tree_role_controls-r1: RESULT ok; page errors 0, gate failures 0 (99 s) page=tree.html query=''
PASS p4_tree_physics_keys-r1: RESULT ok; page errors 0, gate failures 0 (12 s) page=tree.html query=''
control failed by the receipt gate, as it should p4_tree_physics_framing_control-r1-plant-page-error-throw: RESULT fail; page errors 1, gate failures 1 (23 s) page=tree.html query='plant_page_error=throw'
control failed by the receipt gate, as it should p4_tree_physics_orbit-r1-plant-page-error-panic: RESULT fail; page errors 1, gate failures 1 (35 s) page=tree.html query='plant_page_error=panic'
PASS p4_tree_remote_absent-r1: RESULT ok; page errors 0, gate failures 0 (12 s) page=tree.html query=''
PASS p4_tree_physics_springs-r1-gpu-threshold-0: RESULT ok; page errors 0, gate failures 0 (37 s) page=tree.html query='gpu_threshold=0'
PASS p4_tree_physics_charge-r1-gpu-threshold-0: RESULT ok; page errors 0, gate failures 0 (38 s) page=tree.html query='gpu_threshold=0'
PASS p4_tree_physics_stress-r1-gpu-threshold-0: RESULT ok; page errors 0, gate failures 0 (45 s) page=tree.html query='gpu_threshold=0'
PASS p4_tree_physics_energy-r1-gpu-threshold-0: RESULT ok; page errors 0, gate failures 0 (41 s) page=tree.html query='gpu_threshold=0'
PASS p4_tree_physics_orbit-r1-gpu-threshold-0: RESULT ok; page errors 0, gate failures 0 (43 s) page=tree.html query='gpu_threshold=0'
PASS p4_tree_physics_kinds-r1-gpu-threshold-0: RESULT ok; page errors 0, gate failures 0 (24 s) page=tree.html query='gpu_threshold=0'
PASS p4_tree_physics_flock-r1-gpu-threshold-0: RESULT ok; page errors 0, gate failures 0 (46 s) page=tree.html query='gpu_threshold=0'
PASS p4_tree_physics_sync-r1-gpu-threshold-0: RESULT ok; page errors 0, gate failures 0 (26 s) page=tree.html query='gpu_threshold=0'
PASS p4_tree_physics_flow-r1-gpu-threshold-0: RESULT ok; page errors 0, gate failures 0 (58 s) page=tree.html query='gpu_threshold=0'
PASS p4_tree_physics_anneal-r1-gpu-threshold-0: RESULT ok; page errors 0, gate failures 0 (43 s) page=tree.html query='gpu_threshold=0'
PASS p4_tree_physics_still-r1-gpu-threshold-0: RESULT ok; page errors 0, gate failures 0 (44 s) page=tree.html query='gpu_threshold=0'
PASS p5_tree_gpu_settle_2000-r1-nodes-2000-seed-7-links-none: RESULT ok; page errors 0, gate failures 0 (539 s) page=tree.html query='nodes=2000&seed=7&links=none'
PASS physics_speed_select-r1-nodes-300-seed-7-links-none-gpu-off: RESULT ok; page errors 0, gate failures 0 (60 s) page=index.html query='nodes=300&seed=7&links=none&gpu=off'
PASS physics_drag-r1: RESULT ok; page errors 0, gate failures 0 (101 s) page=index.html query=''
PASS role_controls-r1: RESULT ok; page errors 0, gate failures 0 (11 s) page=index.html query=''
control failed by the receipt gate, as it should physics_orbit-r1-plant-page-error-panic: RESULT fail; page errors 1, gate failures 1 (25 s) page=index.html query='plant_page_error=panic'
PASS practice_encoded_axes-r1: RESULT ok; page errors 0, gate failures 0 (13 s) page=practice.html query=''
PASS practice_workspace-r1: RESULT ok; page errors 0, gate failures 0 (12 s) page=practice.html query=''
PASS p4_tree_item_role-r1-app-local: RESULT ok; page errors 0, gate failures 0 (15 s) page=tree.html query='app=local'
PASS p4_tree_saved_edit-r1-app-local: RESULT ok; page errors 0, gate failures 0 (15 s) page=tree.html query='app=local'
FAIL p4_tree_saved_reopen-r1-app-local: RESULT fail; page errors 0, gate failures 0 (12 s) page=tree.html query='app=local'
PASS p4_tree_remote_draft-r1: RESULT ok; page errors 0, gate failures 0 (21 s) page=tree.html query=''
PASS p4_tree_physics_remote_board-r1: RESULT ok; page errors 0, gate failures 0 (52 s) page=tree.html query=''
PASS physics_remote_board-r1: RESULT ok; page errors 0, gate failures 0 (45 s) page=index.html query=''
PASS p4_tree_c4b1_live_board-r1: RESULT ok; page errors 0, gate failures 0 (24 s) page=tree.html query=''
PASS p4_tree_c4b3_reconnect-r1: RESULT ok; page errors 0, gate failures 0 (32 s) page=tree.html query=''
PASS c4b1_live_board-r1: RESULT ok; page errors 0, gate failures 0 (26 s) page=index.html query=''
PASS c4b3_reconnect-r1: RESULT ok; page errors 0, gate failures 0 (27 s) page=index.html query=''
DONE: 63 receipts, 3 not as expected
