set viewer, suffix r2, ports from 8960, one at a time
PASS p4_tree_physics_springs-r2: RESULT ok; page errors 0, gate failures 0 (37 s) page=tree.html query=''
PASS p4_tree_physics_charge-r2: RESULT ok; page errors 0, gate failures 0 (33 s) page=tree.html query=''
PASS p4_tree_physics_stress-r2: RESULT ok; page errors 0, gate failures 0 (33 s) page=tree.html query=''
PASS p4_tree_physics_energy-r2: RESULT ok; page errors 0, gate failures 0 (33 s) page=tree.html query=''
PASS p4_tree_physics_orbit-r2: RESULT ok; page errors 0, gate failures 0 (30 s) page=tree.html query=''
PASS p4_tree_physics_kinds-r2: RESULT ok; page errors 0, gate failures 0 (17 s) page=tree.html query=''
PASS p4_tree_physics_flock-r2: RESULT ok; page errors 0, gate failures 0 (30 s) page=tree.html query=''
PASS p4_tree_physics_sync-r2: RESULT ok; page errors 0, gate failures 0 (17 s) page=tree.html query=''
PASS p4_tree_physics_flow-r2: RESULT ok; page errors 0, gate failures 0 (35 s) page=tree.html query=''
PASS p4_tree_physics_anneal-r2: RESULT ok; page errors 0, gate failures 0 (32 s) page=tree.html query=''
PASS p4_tree_physics_still-r2: RESULT ok; page errors 0, gate failures 0 (33 s) page=tree.html query=''
PASS p4_tree_physics_profiles-r2: RESULT ok; page errors 0, gate failures 0 (33 s) page=tree.html query=''
PASS p4_tree_physics_add-r2: RESULT ok; page errors 0, gate failures 0 (210 s) page=tree.html query=''
PASS p4_tree_physics_drag-r2: RESULT ok; page errors 0, gate failures 0 (223 s) page=tree.html query=''
PASS p4_tree_physics_density-r2: RESULT ok; page errors 0, gate failures 0 (363 s) page=tree.html query=''
PASS p4_tree_physics_density_control-r2: RESULT ok; page errors 0, gate failures 0 (72 s) page=tree.html query=''
PASS p4_tree_physics_framing_control-r2: RESULT ok; page errors 0, gate failures 0 (29 s) page=tree.html query=''
FAIL p6_tree_speed_slow-r2-physics-speed-0-2: RESULT error: the sink did not come up on port 8977; page errors -1, gate failures -1 (24 s) page=tree.html query='physics_speed=0.2'
FAIL p6_tree_speed_fast-r2-nodes-300-seed-7-links-none-gpu-off-physics-speed-50: RESULT fail; page errors 0, gate failures 0 (71 s) page=tree.html query='nodes=300&seed=7&links=none&gpu=off&physics_speed=50'
PASS p6_tree_speed_fast_planted-r2-nodes-300-seed-7-links-none-gpu-off-physics-speed-max-physics-plant-stall-ms-10: RESULT ok; page errors 0, gate failures 0 (44 s) page=tree.html query='nodes=300&seed=7&links=none&gpu=off&physics_speed=max&physics_plant_stall_ms=10'
FAIL p6_tree_speed_fast_control-r2-nodes-24-seed-7-links-none-gpu-off-physics-speed-50: RESULT fail; page errors 0, gate failures 0 (16 s) page=tree.html query='nodes=24&seed=7&links=none&gpu=off&physics_speed=50'
PASS p6_tree_speed_select-r2-nodes-300-seed-7-links-none-gpu-off: RESULT ok; page errors 0, gate failures 0 (65 s) page=tree.html query='nodes=300&seed=7&links=none&gpu=off'
PASS p5_tree_cpu_settle_2000-r2-nodes-2000-seed-7-links-none-gpu-off: RESULT ok; page errors 0, gate failures 0 (441 s) page=tree.html query='nodes=2000&seed=7&links=none&gpu=off'
PASS p4_tree_canvas_reader-r2: RESULT ok; page errors 0, gate failures 0 (9 s) page=tree.html query=''
control failed on 'reader-items', as it should p4_tree_canvas_reader-r2-plant-a11y-missing-item: RESULT fail; page errors 0, gate failures 0 (10 s) page=tree.html query='plant_a11y=missing_item'
control failed on 'reader-buttons', as it should p4_tree_canvas_reader-r2-plant-a11y-missing-action: RESULT fail; page errors 0, gate failures 0 (9 s) page=tree.html query='plant_a11y=missing_action'
control failed on 'pinned', as it should p4_tree_canvas_reader-r2-plant-a11y-dead-action: RESULT fail; page errors 0, gate failures 0 (15 s) page=tree.html query='plant_a11y=dead_action'
PASS p4_tree_canvas_reader_cdp-r2: RESULT ok; page errors 0, gate failures 0; EXIT 0 CDP OK: 11 of 11 shown, 11 items, each with Drag and Pin (13 s) page=tree.html query=''
CDP CONTROL NOT FAILED AS PLANTED p4_tree_canvas_reader_cdp-r2-plant-a11y-missing-action: result.json    17613; page errors 0, gate failures 0; EXIT 1 CDP FAIL: Pin missing on "I2P port notes"; Pin missing on "I2P service"; Pin missing on "Reference notes" (15 s) page=tree.html query='plant_a11y=missing_action'
PASS p4_tree_arrangement_roles-r2: RESULT ok; page errors 0, gate failures 0 (115 s) page=tree.html query=''
PASS p4_tree_role_controls-r2: RESULT ok; page errors 0, gate failures 0 (104 s) page=tree.html query=''
PASS p4_tree_physics_keys-r2: RESULT ok; page errors 0, gate failures 0 (14 s) page=tree.html query=''
control failed by the receipt gate, as it should p4_tree_physics_framing_control-r2-plant-page-error-throw: RESULT fail; page errors 1, gate failures 1 (24 s) page=tree.html query='plant_page_error=throw'
control failed by the receipt gate, as it should p4_tree_physics_orbit-r2-plant-page-error-panic: RESULT fail; page errors 1, gate failures 1 (33 s) page=tree.html query='plant_page_error=panic'
refused cleanly, as it should p4_tree_item_role-r2-app-local: RESULT fail; page errors 0, gate failures 0 (12 s) page=tree.html query='app=local'
refused cleanly, as it should p4_tree_remote_absent-r2: RESULT fail; page errors 0, gate failures 0 (11 s) page=tree.html query=''
refused cleanly, as it should p4_tree_saved_edit-r2-app-local: RESULT fail; page errors 0, gate failures 0 (14 s) page=tree.html query='app=local'
refused cleanly, as it should p4_tree_remote_draft-r2: RESULT fail; page errors 0, gate failures 0 (17 s) page=tree.html query=''
refused cleanly, as it should p4_tree_c4b1_live_board-r2: RESULT fail; page errors 0, gate failures 0 (13 s) page=tree.html query=''
DONE: 39 receipts, 4 not as expected
